GPU Driver '570' detected
Some weights of Wav2Vec2Model were not initialized from the model checkpoint at facebook/wav2vec2-base-960h and are newly initialized: ['wav2vec2.masked_spec_embed']
You should probably TRAIN this model on a down-stream task to be able to use it for predictions and inference.
GPU available: True (cuda), used: True
TPU available: False, using: 0 TPU cores
HPU available: False, using: 0 HPUs
/home/jruizmunoz/anaconda3/envs/audio-classification/lib/python3.8/site-packages/pytorch_lightning/callbacks/model_checkpoint.py:654: Checkpoint directory /blue/azare/jruizmunoz/yt_mi/audio-classification/gru_020 exists and is not empty.
LOCAL_RANK: 0 - CUDA_VISIBLE_DEVICES: [0]

  | Name | Type                       | Params | Mode 
------------------------------------------------------------
0 | gru  | GRU                        | 787 K  | train
1 | fc   | Sequential                 | 58.7 K | train
2 | f1   | MultilabelF1Score          | 0      | train
3 | map  | MultilabelAveragePrecision | 0      | train
4 | auc  | MultilabelAUROC            | 0      | train
------------------------------------------------------------
846 K     Trainable params
0         Non-trainable params
846 K     Total params
3.387     Total estimated model params size (MB)
10        Modules in train mode
0         Modules in eval mode
SLURM auto-requeueing enabled. Setting signal handlers.
Some weights of Wav2Vec2Model were not initialized from the model checkpoint at facebook/wav2vec2-base-960h and are newly initialized: ['wav2vec2.masked_spec_embed']
You should probably TRAIN this model on a down-stream task to be able to use it for predictions and inference.
GPU available: True (cuda), used: True
TPU available: False, using: 0 TPU cores
HPU available: False, using: 0 HPUs
/home/jruizmunoz/anaconda3/envs/audio-classification/lib/python3.8/site-packages/torchmetrics/utilities/prints.py:43: UserWarning: No positive samples found in target, recall is undefined. Setting recall to one for all thresholds.
  warnings.warn(*args, **kwargs)  # noqa: B028
/home/jruizmunoz/anaconda3/envs/audio-classification/lib/python3.8/site-packages/torchmetrics/utilities/prints.py:43: UserWarning: No positive samples in targets, true positive value should be meaningless. Returning zero tensor in true positive score
  warnings.warn(*args, **kwargs)  # noqa: B028
Some weights of Wav2Vec2Model were not initialized from the model checkpoint at facebook/wav2vec2-base-960h and are newly initialized: ['wav2vec2.masked_spec_embed']
You should probably TRAIN this model on a down-stream task to be able to use it for predictions and inference.
GPU available: True (cuda), used: True
TPU available: False, using: 0 TPU cores
HPU available: False, using: 0 HPUs
Metric val_loss improved. New best score: 6.626
Metric val_loss improved by 0.032 >= min_delta = 0.0. New best score: 6.593
Metric val_loss improved by 0.011 >= min_delta = 0.0. New best score: 6.582
Metric val_loss improved by 0.000 >= min_delta = 0.0. New best score: 6.582
Metric val_loss improved by 0.016 >= min_delta = 0.0. New best score: 6.566
